SELF-TEST CONFORMANT 8/8

https://com.x402supply/chess-eval  ->  HTTP 0  ctype=-
   body_keys: (non-JSON or empty)
   sample: 

https://com.x402supply/endpoint-diligence  ->  HTTP 0  ctype=-
   body_keys: (non-JSON or empty)
   sample: 

https://com.x402supply/entity-resolve  ->  HTTP 0  ctype=-
   body_keys: (non-JSON or empty)
   sample: 

https://com.x402supply/page-extract  ->  HTTP 0  ctype=-
   body_keys: (non-JSON or empty)
   sample: 

https://com.x402supply/pii-redact  ->  HTTP 0  ctype=-
   body_keys: (non-JSON or empty)
   sample: 

https://com.x402supply/hts-classify  ->  HTTP 0  ctype=-
   body_keys: (non-JSON or empty)
   sample: 

written: challenge-diff.json
