e2e verifier block corrected
[svc-err] node:events:496
      throw er; // Unhandled 'error' event
      ^

Error: listen EADDRINUSE: address already in use :::8081
    at Server.setupListenHandle [as _listen2] (node:net:1937:16)
    at listenInCluster (node:net:1994:12)
    at Server.listen (node:net:2099:7)
    at Object.<anonymous> (C:\root\value-api\eip3009-service.js:181:8)
    at Module._compile (node:internal/modules/cjs/loader:1554:14)
    at Object..js (node:internal/modules/cjs/loader:1706:10)
    at Module.load (node:internal/modules/cjs/loader:1289:32)
    at Function._load (node:internal/modules/cjs/loader:1108:12)
    at TracingChannel.traceSync (node:diagnostics_channel:322:14)
    at wrapModuleLoad (node:internal/modules/cjs/loader:220:24)
Emitted 'error' event on Server instance at:
    at emitErrorNT (node:net:1973:8)
    at process.processTicksAndRejections (node:internal/process/task_queues:90:21) {
  code: 'EADDRINUSE',
  errno: -4091,
  syscall: 'listen',
  address: '::',
  port: 8081
}

Node.js v22.14.0
PASS service up on :8081
PASS health advertises eip3009 + USDC asset
PASS pricing exposes caller-binding accepts[]
PASS unpaid -> 402 with eip3009 accepts[]
PASS signed auth -> 200 paid + callerBound=true + payer echoed
PASS replay of same authorization rejected
PASS forged signature rejected (not caller-bound)
PASS wrong_recipient rejected
PASS tampered amount rejected (signature_mismatch)
PASS free /v1/verify-authorization validates envelope
PASS fresh nonce -> second paid call succeeds
11/11 PASS
SUMMARY: 11/11 PASS
PUBLISHED eip3009.js -> https://paste.rs/NXhdU
PUBLISHED eip3009-service.js -> https://paste.rs/7QLCR
PUBLISHED eip3009-client.js -> https://paste.rs/MPvM3
EVIDENCE written
